15:58:28 [INFO] ========== GAME SESSION STARTED ==========
15:58:28 [INFO] GamePage: on_unpause called. Current level: 2
15:58:28 [DEBUG] GamePage: Update tick - Level 2, Wave 1, State: 1
15:58:30 [WARNING] CHEAT USED: WIN_LEVEL (Ctrl+W)
15:58:30 [WARNING] CHEAT USED: WIN_LEVEL (Ctrl+W)
15:58:30 [INFO] GamePage: Level WON state detected, transitioning to WIN_PAGE
15:58:30 [INFO] WinPage: Loaded level_num=2, score=1000, level_count=3
15:58:30 [INFO] WinPage: Continue button clicked - current_level=2, level_count=3
15:58:30 [INFO] WinPage: Loading next level: 3
15:58:30 [DEBUG] BUTTON CLICKED: CONTINUE_NEXT_LEVEL
15:58:31 [INFO] GamePage: on_unpause called. Current level: 3
15:58:31 [WARNING] CHEAT USED: WIN_LEVEL (Ctrl+W)
15:58:31 [WARNING] CHEAT USED: WIN_LEVEL (Ctrl+W)
15:58:31 [INFO] GamePage: Level WON state detected, transitioning to WIN_PAGE
15:58:32 [INFO] WinPage: Loaded level_num=3, score=1000, level_count=3
15:58:32 [INFO] WinPage: Continue button clicked - current_level=3, level_count=3
15:58:32 [INFO] WinPage: All levels completed, returning to levels page
15:58:32 [DEBUG] BUTTON CLICKED: CONTINUE_ALL_DONE
15:58:53 [INFO] GamePage: on_unpause called. Current level: 1
15:58:55 [WARNING] CHEAT USED: WIN_LEVEL (Ctrl+W)
15:58:55 [WARNING] CHEAT USED: WIN_LEVEL (Ctrl+W)
15:58:55 [INFO] GamePage: Level WON state detected, transitioning to WIN_PAGE
15:58:55 [INFO] WinPage: Loaded level_num=1, score=1000, level_count=3
15:58:56 [INFO] WinPage: Continue button clicked - current_level=1, level_count=3
15:58:56 [INFO] WinPage: Loading next level: 2
15:58:56 [DEBUG] BUTTON CLICKED: CONTINUE_NEXT_LEVEL
15:58:56 [INFO] GamePage: on_unpause called. Current level: 2
15:58:58 [DEBUG] GamePage: Update tick - Level 2, Wave 1, State: 1
15:59:03 [WARNING] CHEAT USED: WIN_LEVEL (Ctrl+W)
15:59:03 [WARNING] CHEAT USED: WIN_LEVEL (Ctrl+W)
15:59:03 [INFO] GamePage: Level WON state detected, transitioning to WIN_PAGE
15:59:03 [INFO] WinPage: Loaded level_num=2, score=1000, level_count=3
15:59:08 [INFO] WinPage: Continue button clicked - current_level=2, level_count=3
15:59:08 [INFO] WinPage: Loading next level: 3
15:59:08 [DEBUG] BUTTON CLICKED: CONTINUE_NEXT_LEVEL
15:59:08 [INFO] GamePage: on_unpause called. Current level: 3
15:59:10 [DEBUG] GamePage: Update tick - Level 3, Wave 1, State: 1
15:59:15 [DEBUG] GamePage: Update tick - Level 3, Wave 1, State: 1
15:59:21 [INFO] EXIT SHORTCUT: Ctrl+Shift+Q pressed - exiting game
15:59:22 [INFO] ========== GAME SESSION ENDED ==========
